// Jest Snapshot v1, https://goo.gl/fbAQLP

exports[`TimeChart Tests correctly renders snapshot 1`] = `
{
  "asFragment": [Function],
  "baseElement": <body>
    <div>
      <div
        class="recharts-wrapper"
        role="region"
        style="position: relative; cursor: default; width: 350px; height: 220px;"
      >
        <svg
          class="recharts-surface"
          height="220"
          viewBox="0 0 350 220"
          width="350"
        >
          <title />
          <desc />
          <defs>
            <clippath
              id="recharts1-clip"
            >
              <rect
                height="180"
                width="280"
                x="65"
                y="5"
              />
            </clippath>
          </defs>
          <g
            class="recharts-cartesian-grid"
          >
            <g
              class="recharts-cartesian-grid-horizontal"
            >
              <line
                fill="none"
                height="180"
                offset="[object Object]"
                stroke="#ccc"
                width="280"
                x="65"
                x1="65"
                x2="345"
                y="5"
                y1="185"
                y2="185"
              />
              <line
                fill="none"
                height="180"
                offset="[object Object]"
                stroke="#ccc"
                width="280"
                x="65"
                x1="65"
                x2="345"
                y="5"
                y1="140"
                y2="140"
              />
              <line
                fill="none"
                height="180"
                offset="[object Object]"
                stroke="#ccc"
                width="280"
                x="65"
                x1="65"
                x2="345"
                y="5"
                y1="95"
                y2="95"
              />
              <line
                fill="none"
                height="180"
                offset="[object Object]"
                stroke="#ccc"
                width="280"
                x="65"
                x1="65"
                x2="345"
                y="5"
                y1="50"
                y2="50"
              />
              <line
                fill="none"
                height="180"
                offset="[object Object]"
                stroke="#ccc"
                width="280"
                x="65"
                x1="65"
                x2="345"
                y="5"
                y1="5"
                y2="5"
              />
            </g>
          </g>
          <g
            class="recharts-layer recharts-line"
          >
            <path
              class="recharts-curve recharts-line-curve"
              d="M65,169.99999999999997C73.48484848484848,165,81.96969696969697,160.00000000000003,90.45454545454545,155.00000000000003C98.93939393939394,150.00000000000003,107.42424242424242,145,115.9090909090909,140C124.39393939393939,135,132.87878787878788,130.00000000000003,141.36363636363637,125.00000000000001C149.84848484848484,120.00000000000001,158.33333333333334,114.99999999999999,166.8181818181818,109.99999999999999C175.30303030303028,104.99999999999999,183.78787878787878,100,192.27272727272725,95C200.75757575757575,90,209.24242424242422,85,217.72727272727272,80C226.21212121212122,75,234.6969696969697,70,243.1818181818182,65C251.66666666666666,60,260.1515151515151,55,268.6363636363636,50C277.1212121212121,45,285.60606060606057,39.99999999999999,294.09090909090907,34.99999999999999C302.57575757575756,29.999999999999993,311.060606060606,25,319.5454545454545,20.000000000000007C328.030303030303,15.000000000000004,336.5151515151515,10.000000000000002,345,5"
              fill="none"
              height="180"
              stroke="#8ae2e8"
              stroke-dasharray="0px 0px"
              stroke-width="2px"
              width="280"
            />
          </g>
          <g
            class="recharts-layer recharts-cartesian-axis recharts-xAxis xAxis"
          >
            <line
              class="recharts-cartesian-axis-line"
              fill="none"
              height="30"
              orientation="bottom"
              stroke="#666"
              width="280"
              x="65"
              x1="65"
              x2="345"
              y="185"
              y1="185"
              y2="185"
            />
            <g
              class="recharts-cartesian-axis-ticks"
            >
              <g
                class="recharts-layer recharts-cartesian-axis-tick"
              >
                <line
                  class="recharts-cartesian-axis-tick-line"
                  fill="none"
                  height="30"
                  orientation="bottom"
                  stroke="#666"
                  width="280"
                  x="65"
                  x1="65"
                  x2="65"
                  y="185"
                  y1="191"
                  y2="185"
                />
                <text
                  class="recharts-text recharts-cartesian-axis-tick-value"
                  fill="#666"
                  font-size="10"
                  height="30"
                  orientation="bottom"
                  stroke="none"
                  text-anchor="middle"
                  width="280"
                  x="65"
                  y="193"
                >
                  <tspan
                    dy="0.71em"
                    x="65"
                  >
                    J
                  </tspan>
                </text>
              </g>
              <g
                class="recharts-layer recharts-cartesian-axis-tick"
              >
                <line
                  class="recharts-cartesian-axis-tick-line"
                  fill="none"
                  height="30"
                  orientation="bottom"
                  stroke="#666"
                  width="280"
                  x="65"
                  x1="90.45454545454545"
                  x2="90.45454545454545"
                  y="185"
                  y1="191"
                  y2="185"
                />
                <text
                  class="recharts-text recharts-cartesian-axis-tick-value"
                  fill="#666"
                  font-size="10"
                  height="30"
                  orientation="bottom"
                  stroke="none"
                  text-anchor="middle"
                  width="280"
                  x="90.45454545454545"
                  y="193"
                >
                  <tspan
                    dy="0.71em"
                    x="90.45454545454545"
                  >
                    F
                  </tspan>
                </text>
              </g>
              <g
                class="recharts-layer recharts-cartesian-axis-tick"
              >
                <line
                  class="recharts-cartesian-axis-tick-line"
                  fill="none"
                  height="30"
                  orientation="bottom"
                  stroke="#666"
                  width="280"
                  x="65"
                  x1="115.9090909090909"
                  x2="115.9090909090909"
                  y="185"
                  y1="191"
                  y2="185"
                />
                <text
                  class="recharts-text recharts-cartesian-axis-tick-value"
                  fill="#666"
                  font-size="10"
                  height="30"
                  orientation="bottom"
                  stroke="none"
                  text-anchor="middle"
                  width="280"
                  x="115.9090909090909"
                  y="193"
                >
                  <tspan
                    dy="0.71em"
                    x="115.9090909090909"
                  >
                    M
                  </tspan>
                </text>
              </g>
              <g
                class="recharts-layer recharts-cartesian-axis-tick"
              >
                <line
                  class="recharts-cartesian-axis-tick-line"
                  fill="none"
                  height="30"
                  orientation="bottom"
                  stroke="#666"
                  width="280"
                  x="65"
                  x1="141.36363636363637"
                  x2="141.36363636363637"
                  y="185"
                  y1="191"
                  y2="185"
                />
                <text
                  class="recharts-text recharts-cartesian-axis-tick-value"
                  fill="#666"
                  font-size="10"
                  height="30"
                  orientation="bottom"
                  stroke="none"
                  text-anchor="middle"
                  width="280"
                  x="141.36363636363637"
                  y="193"
                >
                  <tspan
                    dy="0.71em"
                    x="141.36363636363637"
                  >
                    A
                  </tspan>
                </text>
              </g>
              <g
                class="recharts-layer recharts-cartesian-axis-tick"
              >
                <line
                  class="recharts-cartesian-axis-tick-line"
                  fill="none"
                  height="30"
                  orientation="bottom"
                  stroke="#666"
                  width="280"
                  x="65"
                  x1="166.8181818181818"
                  x2="166.8181818181818"
                  y="185"
                  y1="191"
                  y2="185"
                />
                <text
                  class="recharts-text recharts-cartesian-axis-tick-value"
                  fill="#666"
                  font-size="10"
                  height="30"
                  orientation="bottom"
                  stroke="none"
                  text-anchor="middle"
                  width="280"
                  x="166.8181818181818"
                  y="193"
                >
                  <tspan
                    dy="0.71em"
                    x="166.8181818181818"
                  >
                    M
                  </tspan>
                </text>
              </g>
              <g
                class="recharts-layer recharts-cartesian-axis-tick"
              >
                <line
                  class="recharts-cartesian-axis-tick-line"
                  fill="none"
                  height="30"
                  orientation="bottom"
                  stroke="#666"
                  width="280"
                  x="65"
                  x1="192.27272727272725"
                  x2="192.27272727272725"
                  y="185"
                  y1="191"
                  y2="185"
                />
                <text
                  class="recharts-text recharts-cartesian-axis-tick-value"
                  fill="#666"
                  font-size="10"
                  height="30"
                  orientation="bottom"
                  stroke="none"
                  text-anchor="middle"
                  width="280"
                  x="192.27272727272725"
                  y="193"
                >
                  <tspan
                    dy="0.71em"
                    x="192.27272727272725"
                  >
                    J
                  </tspan>
                </text>
              </g>
              <g
                class="recharts-layer recharts-cartesian-axis-tick"
              >
                <line
                  class="recharts-cartesian-axis-tick-line"
                  fill="none"
                  height="30"
                  orientation="bottom"
                  stroke="#666"
                  width="280"
                  x="65"
                  x1="217.72727272727272"
                  x2="217.72727272727272"
                  y="185"
                  y1="191"
                  y2="185"
                />
                <text
                  class="recharts-text recharts-cartesian-axis-tick-value"
                  fill="#666"
                  font-size="10"
                  height="30"
                  orientation="bottom"
                  stroke="none"
                  text-anchor="middle"
                  width="280"
                  x="217.72727272727272"
                  y="193"
                >
                  <tspan
                    dy="0.71em"
                    x="217.72727272727272"
                  >
                    J
                  </tspan>
                </text>
              </g>
              <g
                class="recharts-layer recharts-cartesian-axis-tick"
              >
                <line
                  class="recharts-cartesian-axis-tick-line"
                  fill="none"
                  height="30"
                  orientation="bottom"
                  stroke="#666"
                  width="280"
                  x="65"
                  x1="243.1818181818182"
                  x2="243.1818181818182"
                  y="185"
                  y1="191"
                  y2="185"
                />
                <text
                  class="recharts-text recharts-cartesian-axis-tick-value"
                  fill="#666"
                  font-size="10"
                  height="30"
                  orientation="bottom"
                  stroke="none"
                  text-anchor="middle"
                  width="280"
                  x="243.1818181818182"
                  y="193"
                >
                  <tspan
                    dy="0.71em"
                    x="243.1818181818182"
                  >
                    A
                  </tspan>
                </text>
              </g>
              <g
                class="recharts-layer recharts-cartesian-axis-tick"
              >
                <line
                  class="recharts-cartesian-axis-tick-line"
                  fill="none"
                  height="30"
                  orientation="bottom"
                  stroke="#666"
                  width="280"
                  x="65"
                  x1="268.6363636363636"
                  x2="268.6363636363636"
                  y="185"
                  y1="191"
                  y2="185"
                />
                <text
                  class="recharts-text recharts-cartesian-axis-tick-value"
                  fill="#666"
                  font-size="10"
                  height="30"
                  orientation="bottom"
                  stroke="none"
                  text-anchor="middle"
                  width="280"
                  x="268.6363636363636"
                  y="193"
                >
                  <tspan
                    dy="0.71em"
                    x="268.6363636363636"
                  >
                    S
                  </tspan>
                </text>
              </g>
              <g
                class="recharts-layer recharts-cartesian-axis-tick"
              >
                <line
                  class="recharts-cartesian-axis-tick-line"
                  fill="none"
                  height="30"
                  orientation="bottom"
                  stroke="#666"
                  width="280"
                  x="65"
                  x1="294.09090909090907"
                  x2="294.09090909090907"
                  y="185"
                  y1="191"
                  y2="185"
                />
                <text
                  class="recharts-text recharts-cartesian-axis-tick-value"
                  fill="#666"
                  font-size="10"
                  height="30"
                  orientation="bottom"
                  stroke="none"
                  text-anchor="middle"
                  width="280"
                  x="294.09090909090907"
                  y="193"
                >
                  <tspan
                    dy="0.71em"
                    x="294.09090909090907"
                  >
                    O
                  </tspan>
                </text>
              </g>
              <g
                class="recharts-layer recharts-cartesian-axis-tick"
              >
                <line
                  class="recharts-cartesian-axis-tick-line"
                  fill="none"
                  height="30"
                  orientation="bottom"
                  stroke="#666"
                  width="280"
                  x="65"
                  x1="319.5454545454545"
                  x2="319.5454545454545"
                  y="185"
                  y1="191"
                  y2="185"
                />
                <text
                  class="recharts-text recharts-cartesian-axis-tick-value"
                  fill="#666"
                  font-size="10"
                  height="30"
                  orientation="bottom"
                  stroke="none"
                  text-anchor="middle"
                  width="280"
                  x="319.5454545454545"
                  y="193"
                >
                  <tspan
                    dy="0.71em"
                    x="319.5454545454545"
                  >
                    N
                  </tspan>
                </text>
              </g>
              <g
                class="recharts-layer recharts-cartesian-axis-tick"
              >
                <line
                  class="recharts-cartesian-axis-tick-line"
                  fill="none"
                  height="30"
                  orientation="bottom"
                  stroke="#666"
                  width="280"
                  x="65"
                  x1="345"
                  x2="345"
                  y="185"
                  y1="191"
                  y2="185"
                />
                <text
                  class="recharts-text recharts-cartesian-axis-tick-value"
                  fill="#666"
                  font-size="10"
                  height="30"
                  orientation="bottom"
                  stroke="none"
                  text-anchor="middle"
                  width="280"
                  x="345"
                  y="193"
                >
                  <tspan
                    dy="0.71em"
                    x="345"
                  >
                    D
                  </tspan>
                </text>
              </g>
            </g>
          </g>
          <g
            class="recharts-layer recharts-cartesian-axis recharts-yAxis yAxis"
          >
            <line
              class="recharts-cartesian-axis-line"
              fill="none"
              height="180"
              orientation="left"
              stroke="#666"
              width="60"
              x="5"
              x1="65"
              x2="65"
              y="5"
              y1="5"
              y2="185"
            />
            <g
              class="recharts-cartesian-axis-ticks"
            >
              <g
                class="recharts-layer recharts-cartesian-axis-tick"
              >
                <line
                  class="recharts-cartesian-axis-tick-line"
                  fill="none"
                  height="180"
                  orientation="left"
                  stroke="#666"
                  width="60"
                  x="5"
                  x1="59"
                  x2="65"
                  y="5"
                  y1="185"
                  y2="185"
                />
                <text
                  class="recharts-text recharts-cartesian-axis-tick-value"
                  fill="#666"
                  font-size="10"
                  height="180"
                  orientation="left"
                  stroke="none"
                  text-anchor="end"
                  width="60"
                  x="57"
                  y="185"
                >
                  <tspan
                    dy="0.355em"
                    x="57"
                  >
                    $0
                  </tspan>
                </text>
              </g>
              <g
                class="recharts-layer recharts-cartesian-axis-tick"
              >
                <line
                  class="recharts-cartesian-axis-tick-line"
                  fill="none"
                  height="180"
                  orientation="left"
                  stroke="#666"
                  width="60"
                  x="5"
                  x1="59"
                  x2="65"
                  y="5"
                  y1="140"
                  y2="140"
                />
                <text
                  class="recharts-text recharts-cartesian-axis-tick-value"
                  fill="#666"
                  font-size="10"
                  height="180"
                  orientation="left"
                  stroke="none"
                  text-anchor="end"
                  width="60"
                  x="57"
                  y="140"
                >
                  <tspan
                    dy="0.355em"
                    x="57"
                  >
                    $300
                  </tspan>
                </text>
              </g>
              <g
                class="recharts-layer recharts-cartesian-axis-tick"
              >
                <line
                  class="recharts-cartesian-axis-tick-line"
                  fill="none"
                  height="180"
                  orientation="left"
                  stroke="#666"
                  width="60"
                  x="5"
                  x1="59"
                  x2="65"
                  y="5"
                  y1="95"
                  y2="95"
                />
                <text
                  class="recharts-text recharts-cartesian-axis-tick-value"
                  fill="#666"
                  font-size="10"
                  height="180"
                  orientation="left"
                  stroke="none"
                  text-anchor="end"
                  width="60"
                  x="57"
                  y="95"
                >
                  <tspan
                    dy="0.355em"
                    x="57"
                  >
                    $600
                  </tspan>
                </text>
              </g>
              <g
                class="recharts-layer recharts-cartesian-axis-tick"
              >
                <line
                  class="recharts-cartesian-axis-tick-line"
                  fill="none"
                  height="180"
                  orientation="left"
                  stroke="#666"
                  width="60"
                  x="5"
                  x1="59"
                  x2="65"
                  y="5"
                  y1="50"
                  y2="50"
                />
                <text
                  class="recharts-text recharts-cartesian-axis-tick-value"
                  fill="#666"
                  font-size="10"
                  height="180"
                  orientation="left"
                  stroke="none"
                  text-anchor="end"
                  width="60"
                  x="57"
                  y="50"
                >
                  <tspan
                    dy="0.355em"
                    x="57"
                  >
                    $900
                  </tspan>
                </text>
              </g>
              <g
                class="recharts-layer recharts-cartesian-axis-tick"
              >
                <line
                  class="recharts-cartesian-axis-tick-line"
                  fill="none"
                  height="180"
                  orientation="left"
                  stroke="#666"
                  width="60"
                  x="5"
                  x1="59"
                  x2="65"
                  y="5"
                  y1="5"
                  y2="5"
                />
                <text
                  class="recharts-text recharts-cartesian-axis-tick-value"
                  fill="#666"
                  font-size="10"
                  height="180"
                  orientation="left"
                  stroke="none"
                  text-anchor="end"
                  width="60"
                  x="57"
                  y="5"
                >
                  <tspan
                    dy="0.355em"
                    x="57"
                  >
                    $1200
                  </tspan>
                </text>
              </g>
            </g>
          </g>
        </svg>
        <div
          class="recharts-tooltip-wrapper"
          role="dialog"
          style="transform: translate(undefinedpx, undefinedpx); pointer-events: none; visibility: hidden; position: absolute; top: 0px; left: 0px;"
          tabindex="-1"
        />
      </div>
    </div>
    <span
      aria-hidden="true"
      id="recharts_measurement_span"
      style="position: absolute; top: -20000px; left: 0px; padding: 0px; margin: 0px; white-space: pre;"
    >
      $1200
    </span>
  </body>,
  "container": <div>
    <div
      class="recharts-wrapper"
      role="region"
      style="position: relative; cursor: default; width: 350px; height: 220px;"
    >
      <svg
        class="recharts-surface"
        height="220"
        viewBox="0 0 350 220"
        width="350"
      >
        <title />
        <desc />
        <defs>
          <clippath
            id="recharts1-clip"
          >
            <rect
              height="180"
              width="280"
              x="65"
              y="5"
            />
          </clippath>
        </defs>
        <g
          class="recharts-cartesian-grid"
        >
          <g
            class="recharts-cartesian-grid-horizontal"
          >
            <line
              fill="none"
              height="180"
              offset="[object Object]"
              stroke="#ccc"
              width="280"
              x="65"
              x1="65"
              x2="345"
              y="5"
              y1="185"
              y2="185"
            />
            <line
              fill="none"
              height="180"
              offset="[object Object]"
              stroke="#ccc"
              width="280"
              x="65"
              x1="65"
              x2="345"
              y="5"
              y1="140"
              y2="140"
            />
            <line
              fill="none"
              height="180"
              offset="[object Object]"
              stroke="#ccc"
              width="280"
              x="65"
              x1="65"
              x2="345"
              y="5"
              y1="95"
              y2="95"
            />
            <line
              fill="none"
              height="180"
              offset="[object Object]"
              stroke="#ccc"
              width="280"
              x="65"
              x1="65"
              x2="345"
              y="5"
              y1="50"
              y2="50"
            />
            <line
              fill="none"
              height="180"
              offset="[object Object]"
              stroke="#ccc"
              width="280"
              x="65"
              x1="65"
              x2="345"
              y="5"
              y1="5"
              y2="5"
            />
          </g>
        </g>
        <g
          class="recharts-layer recharts-line"
        >
          <path
            class="recharts-curve recharts-line-curve"
            d="M65,169.99999999999997C73.48484848484848,165,81.96969696969697,160.00000000000003,90.45454545454545,155.00000000000003C98.93939393939394,150.00000000000003,107.42424242424242,145,115.9090909090909,140C124.39393939393939,135,132.87878787878788,130.00000000000003,141.36363636363637,125.00000000000001C149.84848484848484,120.00000000000001,158.33333333333334,114.99999999999999,166.8181818181818,109.99999999999999C175.30303030303028,104.99999999999999,183.78787878787878,100,192.27272727272725,95C200.75757575757575,90,209.24242424242422,85,217.72727272727272,80C226.21212121212122,75,234.6969696969697,70,243.1818181818182,65C251.66666666666666,60,260.1515151515151,55,268.6363636363636,50C277.1212121212121,45,285.60606060606057,39.99999999999999,294.09090909090907,34.99999999999999C302.57575757575756,29.999999999999993,311.060606060606,25,319.5454545454545,20.000000000000007C328.030303030303,15.000000000000004,336.5151515151515,10.000000000000002,345,5"
            fill="none"
            height="180"
            stroke="#8ae2e8"
            stroke-dasharray="0px 0px"
            stroke-width="2px"
            width="280"
          />
        </g>
        <g
          class="recharts-layer recharts-cartesian-axis recharts-xAxis xAxis"
        >
          <line
            class="recharts-cartesian-axis-line"
            fill="none"
            height="30"
            orientation="bottom"
            stroke="#666"
            width="280"
            x="65"
            x1="65"
            x2="345"
            y="185"
            y1="185"
            y2="185"
          />
          <g
            class="recharts-cartesian-axis-ticks"
          >
            <g
              class="recharts-layer recharts-cartesian-axis-tick"
            >
              <line
                class="recharts-cartesian-axis-tick-line"
                fill="none"
                height="30"
                orientation="bottom"
                stroke="#666"
                width="280"
                x="65"
                x1="65"
                x2="65"
                y="185"
                y1="191"
                y2="185"
              />
              <text
                class="recharts-text recharts-cartesian-axis-tick-value"
                fill="#666"
                font-size="10"
                height="30"
                orientation="bottom"
                stroke="none"
                text-anchor="middle"
                width="280"
                x="65"
                y="193"
              >
                <tspan
                  dy="0.71em"
                  x="65"
                >
                  J
                </tspan>
              </text>
            </g>
            <g
              class="recharts-layer recharts-cartesian-axis-tick"
            >
              <line
                class="recharts-cartesian-axis-tick-line"
                fill="none"
                height="30"
                orientation="bottom"
                stroke="#666"
                width="280"
                x="65"
                x1="90.45454545454545"
                x2="90.45454545454545"
                y="185"
                y1="191"
                y2="185"
              />
              <text
                class="recharts-text recharts-cartesian-axis-tick-value"
                fill="#666"
                font-size="10"
                height="30"
                orientation="bottom"
                stroke="none"
                text-anchor="middle"
                width="280"
                x="90.45454545454545"
                y="193"
              >
                <tspan
                  dy="0.71em"
                  x="90.45454545454545"
                >
                  F
                </tspan>
              </text>
            </g>
            <g
              class="recharts-layer recharts-cartesian-axis-tick"
            >
              <line
                class="recharts-cartesian-axis-tick-line"
                fill="none"
                height="30"
                orientation="bottom"
                stroke="#666"
                width="280"
                x="65"
                x1="115.9090909090909"
                x2="115.9090909090909"
                y="185"
                y1="191"
                y2="185"
              />
              <text
                class="recharts-text recharts-cartesian-axis-tick-value"
                fill="#666"
                font-size="10"
                height="30"
                orientation="bottom"
                stroke="none"
                text-anchor="middle"
                width="280"
                x="115.9090909090909"
                y="193"
              >
                <tspan
                  dy="0.71em"
                  x="115.9090909090909"
                >
                  M
                </tspan>
              </text>
            </g>
            <g
              class="recharts-layer recharts-cartesian-axis-tick"
            >
              <line
                class="recharts-cartesian-axis-tick-line"
                fill="none"
                height="30"
                orientation="bottom"
                stroke="#666"
                width="280"
                x="65"
                x1="141.36363636363637"
                x2="141.36363636363637"
                y="185"
                y1="191"
                y2="185"
              />
              <text
                class="recharts-text recharts-cartesian-axis-tick-value"
                fill="#666"
                font-size="10"
                height="30"
                orientation="bottom"
                stroke="none"
                text-anchor="middle"
                width="280"
                x="141.36363636363637"
                y="193"
              >
                <tspan
                  dy="0.71em"
                  x="141.36363636363637"
                >
                  A
                </tspan>
              </text>
            </g>
            <g
              class="recharts-layer recharts-cartesian-axis-tick"
            >
              <line
                class="recharts-cartesian-axis-tick-line"
                fill="none"
                height="30"
                orientation="bottom"
                stroke="#666"
                width="280"
                x="65"
                x1="166.8181818181818"
                x2="166.8181818181818"
                y="185"
                y1="191"
                y2="185"
              />
              <text
                class="recharts-text recharts-cartesian-axis-tick-value"
                fill="#666"
                font-size="10"
                height="30"
                orientation="bottom"
                stroke="none"
                text-anchor="middle"
                width="280"
                x="166.8181818181818"
                y="193"
              >
                <tspan
                  dy="0.71em"
                  x="166.8181818181818"
                >
                  M
                </tspan>
              </text>
            </g>
            <g
              class="recharts-layer recharts-cartesian-axis-tick"
            >
              <line
                class="recharts-cartesian-axis-tick-line"
                fill="none"
                height="30"
                orientation="bottom"
                stroke="#666"
                width="280"
                x="65"
                x1="192.27272727272725"
                x2="192.27272727272725"
                y="185"
                y1="191"
                y2="185"
              />
              <text
                class="recharts-text recharts-cartesian-axis-tick-value"
                fill="#666"
                font-size="10"
                height="30"
                orientation="bottom"
                stroke="none"
                text-anchor="middle"
                width="280"
                x="192.27272727272725"
                y="193"
              >
                <tspan
                  dy="0.71em"
                  x="192.27272727272725"
                >
                  J
                </tspan>
              </text>
            </g>
            <g
              class="recharts-layer recharts-cartesian-axis-tick"
            >
              <line
                class="recharts-cartesian-axis-tick-line"
                fill="none"
                height="30"
                orientation="bottom"
                stroke="#666"
                width="280"
                x="65"
                x1="217.72727272727272"
                x2="217.72727272727272"
                y="185"
                y1="191"
                y2="185"
              />
              <text
                class="recharts-text recharts-cartesian-axis-tick-value"
                fill="#666"
                font-size="10"
                height="30"
                orientation="bottom"
                stroke="none"
                text-anchor="middle"
                width="280"
                x="217.72727272727272"
                y="193"
              >
                <tspan
                  dy="0.71em"
                  x="217.72727272727272"
                >
                  J
                </tspan>
              </text>
            </g>
            <g
              class="recharts-layer recharts-cartesian-axis-tick"
            >
              <line
                class="recharts-cartesian-axis-tick-line"
                fill="none"
                height="30"
                orientation="bottom"
                stroke="#666"
                width="280"
                x="65"
                x1="243.1818181818182"
                x2="243.1818181818182"
                y="185"
                y1="191"
                y2="185"
              />
              <text
                class="recharts-text recharts-cartesian-axis-tick-value"
                fill="#666"
                font-size="10"
                height="30"
                orientation="bottom"
                stroke="none"
                text-anchor="middle"
                width="280"
                x="243.1818181818182"
                y="193"
              >
                <tspan
                  dy="0.71em"
                  x="243.1818181818182"
                >
                  A
                </tspan>
              </text>
            </g>
            <g
              class="recharts-layer recharts-cartesian-axis-tick"
            >
              <line
                class="recharts-cartesian-axis-tick-line"
                fill="none"
                height="30"
                orientation="bottom"
                stroke="#666"
                width="280"
                x="65"
                x1="268.6363636363636"
                x2="268.6363636363636"
                y="185"
                y1="191"
                y2="185"
              />
              <text
                class="recharts-text recharts-cartesian-axis-tick-value"
                fill="#666"
                font-size="10"
                height="30"
                orientation="bottom"
                stroke="none"
                text-anchor="middle"
                width="280"
                x="268.6363636363636"
                y="193"
              >
                <tspan
                  dy="0.71em"
                  x="268.6363636363636"
                >
                  S
                </tspan>
              </text>
            </g>
            <g
              class="recharts-layer recharts-cartesian-axis-tick"
            >
              <line
                class="recharts-cartesian-axis-tick-line"
                fill="none"
                height="30"
                orientation="bottom"
                stroke="#666"
                width="280"
                x="65"
                x1="294.09090909090907"
                x2="294.09090909090907"
                y="185"
                y1="191"
                y2="185"
              />
              <text
                class="recharts-text recharts-cartesian-axis-tick-value"
                fill="#666"
                font-size="10"
                height="30"
                orientation="bottom"
                stroke="none"
                text-anchor="middle"
                width="280"
                x="294.09090909090907"
                y="193"
              >
                <tspan
                  dy="0.71em"
                  x="294.09090909090907"
                >
                  O
                </tspan>
              </text>
            </g>
            <g
              class="recharts-layer recharts-cartesian-axis-tick"
            >
              <line
                class="recharts-cartesian-axis-tick-line"
                fill="none"
                height="30"
                orientation="bottom"
                stroke="#666"
                width="280"
                x="65"
                x1="319.5454545454545"
                x2="319.5454545454545"
                y="185"
                y1="191"
                y2="185"
              />
              <text
                class="recharts-text recharts-cartesian-axis-tick-value"
                fill="#666"
                font-size="10"
                height="30"
                orientation="bottom"
                stroke="none"
                text-anchor="middle"
                width="280"
                x="319.5454545454545"
                y="193"
              >
                <tspan
                  dy="0.71em"
                  x="319.5454545454545"
                >
                  N
                </tspan>
              </text>
            </g>
            <g
              class="recharts-layer recharts-cartesian-axis-tick"
            >
              <line
                class="recharts-cartesian-axis-tick-line"
                fill="none"
                height="30"
                orientation="bottom"
                stroke="#666"
                width="280"
                x="65"
                x1="345"
                x2="345"
                y="185"
                y1="191"
                y2="185"
              />
              <text
                class="recharts-text recharts-cartesian-axis-tick-value"
                fill="#666"
                font-size="10"
                height="30"
                orientation="bottom"
                stroke="none"
                text-anchor="middle"
                width="280"
                x="345"
                y="193"
              >
                <tspan
                  dy="0.71em"
                  x="345"
                >
                  D
                </tspan>
              </text>
            </g>
          </g>
        </g>
        <g
          class="recharts-layer recharts-cartesian-axis recharts-yAxis yAxis"
        >
          <line
            class="recharts-cartesian-axis-line"
            fill="none"
            height="180"
            orientation="left"
            stroke="#666"
            width="60"
            x="5"
            x1="65"
            x2="65"
            y="5"
            y1="5"
            y2="185"
          />
          <g
            class="recharts-cartesian-axis-ticks"
          >
            <g
              class="recharts-layer recharts-cartesian-axis-tick"
            >
              <line
                class="recharts-cartesian-axis-tick-line"
                fill="none"
                height="180"
                orientation="left"
                stroke="#666"
                width="60"
                x="5"
                x1="59"
                x2="65"
                y="5"
                y1="185"
                y2="185"
              />
              <text
                class="recharts-text recharts-cartesian-axis-tick-value"
                fill="#666"
                font-size="10"
                height="180"
                orientation="left"
                stroke="none"
                text-anchor="end"
                width="60"
                x="57"
                y="185"
              >
                <tspan
                  dy="0.355em"
                  x="57"
                >
                  $0
                </tspan>
              </text>
            </g>
            <g
              class="recharts-layer recharts-cartesian-axis-tick"
            >
              <line
                class="recharts-cartesian-axis-tick-line"
                fill="none"
                height="180"
                orientation="left"
                stroke="#666"
                width="60"
                x="5"
                x1="59"
                x2="65"
                y="5"
                y1="140"
                y2="140"
              />
              <text
                class="recharts-text recharts-cartesian-axis-tick-value"
                fill="#666"
                font-size="10"
                height="180"
                orientation="left"
                stroke="none"
                text-anchor="end"
                width="60"
                x="57"
                y="140"
              >
                <tspan
                  dy="0.355em"
                  x="57"
                >
                  $300
                </tspan>
              </text>
            </g>
            <g
              class="recharts-layer recharts-cartesian-axis-tick"
            >
              <line
                class="recharts-cartesian-axis-tick-line"
                fill="none"
                height="180"
                orientation="left"
                stroke="#666"
                width="60"
                x="5"
                x1="59"
                x2="65"
                y="5"
                y1="95"
                y2="95"
              />
              <text
                class="recharts-text recharts-cartesian-axis-tick-value"
                fill="#666"
                font-size="10"
                height="180"
                orientation="left"
                stroke="none"
                text-anchor="end"
                width="60"
                x="57"
                y="95"
              >
                <tspan
                  dy="0.355em"
                  x="57"
                >
                  $600
                </tspan>
              </text>
            </g>
            <g
              class="recharts-layer recharts-cartesian-axis-tick"
            >
              <line
                class="recharts-cartesian-axis-tick-line"
                fill="none"
                height="180"
                orientation="left"
                stroke="#666"
                width="60"
                x="5"
                x1="59"
                x2="65"
                y="5"
                y1="50"
                y2="50"
              />
              <text
                class="recharts-text recharts-cartesian-axis-tick-value"
                fill="#666"
                font-size="10"
                height="180"
                orientation="left"
                stroke="none"
                text-anchor="end"
                width="60"
                x="57"
                y="50"
              >
                <tspan
                  dy="0.355em"
                  x="57"
                >
                  $900
                </tspan>
              </text>
            </g>
            <g
              class="recharts-layer recharts-cartesian-axis-tick"
            >
              <line
                class="recharts-cartesian-axis-tick-line"
                fill="none"
                height="180"
                orientation="left"
                stroke="#666"
                width="60"
                x="5"
                x1="59"
                x2="65"
                y="5"
                y1="5"
                y2="5"
              />
              <text
                class="recharts-text recharts-cartesian-axis-tick-value"
                fill="#666"
                font-size="10"
                height="180"
                orientation="left"
                stroke="none"
                text-anchor="end"
                width="60"
                x="57"
                y="5"
              >
                <tspan
                  dy="0.355em"
                  x="57"
                >
                  $1200
                </tspan>
              </text>
            </g>
          </g>
        </g>
      </svg>
      <div
        class="recharts-tooltip-wrapper"
        role="dialog"
        style="transform: translate(undefinedpx, undefinedpx); pointer-events: none; visibility: hidden; position: absolute; top: 0px; left: 0px;"
        tabindex="-1"
      />
    </div>
  </div>,
  "debug": [Function],
  "findAllByAltText": [Function],
  "findAllByDisplayValue": [Function],
  "findAllByLabelText": [Function],
  "findAllByPlaceholderText": [Function],
  "findAllByRole": [Function],
  "findAllByTestId": [Function],
  "findAllByText": [Function],
  "findAllByTitle": [Function],
  "findByAltText": [Function],
  "findByDisplayValue": [Function],
  "findByLabelText": [Function],
  "findByPlaceholderText": [Function],
  "findByRole": [Function],
  "findByTestId": [Function],
  "findByText": [Function],
  "findByTitle": [Function],
  "getAllByAltText": [Function],
  "getAllByDisplayValue": [Function],
  "getAllByLabelText": [Function],
  "getAllByPlaceholderText": [Function],
  "getAllByRole": [Function],
  "getAllByTestId": [Function],
  "getAllByText": [Function],
  "getAllByTitle": [Function],
  "getByAltText": [Function],
  "getByDisplayValue": [Function],
  "getByLabelText": [Function],
  "getByPlaceholderText": [Function],
  "getByRole": [Function],
  "getByTestId": [Function],
  "getByText": [Function],
  "getByTitle": [Function],
  "queryAllByAltText": [Function],
  "queryAllByDisplayValue": [Function],
  "queryAllByLabelText": [Function],
  "queryAllByPlaceholderText": [Function],
  "queryAllByRole": [Function],
  "queryAllByTestId": [Function],
  "queryAllByText": [Function],
  "queryAllByTitle": [Function],
  "queryByAltText": [Function],
  "queryByDisplayValue": [Function],
  "queryByLabelText": [Function],
  "queryByPlaceholderText": [Function],
  "queryByRole": [Function],
  "queryByTestId": [Function],
  "queryByText": [Function],
  "queryByTitle": [Function],
  "rerender": [Function],
  "unmount": [Function],
}
`;
