// Jest Snapshot v1, https://goo.gl/fbAQLP

exports[`TimeChart Tests correctly renders snapshot 1`] = `
{
  "asFragment": [Function],
  "baseElement": <body>
    <div>
      <div>
        <div
          class="recharts-responsive-container"
          style="width: 400px; height: 220px; min-width: 0;"
        >
          <div
            class="recharts-wrapper"
            role="region"
            style="position: relative; cursor: default; width: 400px; height: 220px;"
          >
            <svg
              class="recharts-surface"
              height="220"
              viewBox="0 0 400 220"
              width="400"
            >
              <title />
              <desc />
              <defs>
                <clippath
                  id="recharts1-clip"
                >
                  <rect
                    height="180"
                    width="330"
                    x="65"
                    y="5"
                  />
                </clippath>
              </defs>
              <g
                class="recharts-cartesian-grid"
              >
                <g
                  class="recharts-cartesian-grid-horizontal"
                >
                  <line
                    fill="none"
                    height="180"
                    offset="[object Object]"
                    stroke="#ccc"
                    width="330"
                    x="65"
                    x1="65"
                    x2="395"
                    y="5"
                    y1="185"
                    y2="185"
                  />
                  <line
                    fill="none"
                    height="180"
                    offset="[object Object]"
                    stroke="#ccc"
                    width="330"
                    x="65"
                    x1="65"
                    x2="395"
                    y="5"
                    y1="140"
                    y2="140"
                  />
                  <line
                    fill="none"
                    height="180"
                    offset="[object Object]"
                    stroke="#ccc"
                    width="330"
                    x="65"
                    x1="65"
                    x2="395"
                    y="5"
                    y1="95"
                    y2="95"
                  />
                  <line
                    fill="none"
                    height="180"
                    offset="[object Object]"
                    stroke="#ccc"
                    width="330"
                    x="65"
                    x1="65"
                    x2="395"
                    y="5"
                    y1="50"
                    y2="50"
                  />
                  <line
                    fill="none"
                    height="180"
                    offset="[object Object]"
                    stroke="#ccc"
                    width="330"
                    x="65"
                    x1="65"
                    x2="395"
                    y="5"
                    y1="5"
                    y2="5"
                  />
                </g>
              </g>
              <g
                class="recharts-layer recharts-line"
              >
                <path
                  class="recharts-curve recharts-line-curve"
                  d="M65,169.99999999999997C75,165,85,160.00000000000003,95,155.00000000000003C105,150.00000000000003,115,145,125,140C135,135,145,130.00000000000003,155,125.00000000000001C165,120.00000000000001,175,114.99999999999999,185,109.99999999999999C195,104.99999999999999,205,100,215,95C225,90,235,85,245,80C255,75,265,70,275,65C285,60,295,55,305,50C315,45,325,39.99999999999999,335,34.99999999999999C345,29.999999999999993,355,25.000000000000007,365,20.000000000000007C375,15.000000000000007,385,10.000000000000004,395,5"
                  fill="none"
                  height="180"
                  stroke="#8ae2e8"
                  stroke-dasharray="0px 0px"
                  stroke-width="2px"
                  width="330"
                />
              </g>
              <g
                class="recharts-layer recharts-cartesian-axis recharts-xAxis xAxis"
              >
                <line
                  class="recharts-cartesian-axis-line"
                  fill="none"
                  height="30"
                  orientation="bottom"
                  stroke="#666"
                  width="330"
                  x="65"
                  x1="65"
                  x2="395"
                  y="185"
                  y1="185"
                  y2="185"
                />
                <g
                  class="recharts-cartesian-axis-ticks"
                >
                  <g
                    class="recharts-layer recharts-cartesian-axis-tick"
                  >
                    <line
                      class="recharts-cartesian-axis-tick-line"
                      fill="none"
                      height="30"
                      orientation="bottom"
                      stroke="#666"
                      width="330"
                      x="65"
                      x1="65"
                      x2="65"
                      y="185"
                      y1="191"
                      y2="185"
                    />
                    <text
                      class="recharts-text recharts-cartesian-axis-tick-value"
                      fill="#666"
                      font-size="10"
                      height="30"
                      orientation="bottom"
                      stroke="none"
                      text-anchor="middle"
                      width="330"
                      x="65"
                      y="193"
                    >
                      <tspan
                        dy="0.71em"
                        x="65"
                      >
                        J
                      </tspan>
                    </text>
                  </g>
                  <g
                    class="recharts-layer recharts-cartesian-axis-tick"
                  >
                    <line
                      class="recharts-cartesian-axis-tick-line"
                      fill="none"
                      height="30"
                      orientation="bottom"
                      stroke="#666"
                      width="330"
                      x="65"
                      x1="95"
                      x2="95"
                      y="185"
                      y1="191"
                      y2="185"
                    />
                    <text
                      class="recharts-text recharts-cartesian-axis-tick-value"
                      fill="#666"
                      font-size="10"
                      height="30"
                      orientation="bottom"
                      stroke="none"
                      text-anchor="middle"
                      width="330"
                      x="95"
                      y="193"
                    >
                      <tspan
                        dy="0.71em"
                        x="95"
                      >
                        F
                      </tspan>
                    </text>
                  </g>
                  <g
                    class="recharts-layer recharts-cartesian-axis-tick"
                  >
                    <line
                      class="recharts-cartesian-axis-tick-line"
                      fill="none"
                      height="30"
                      orientation="bottom"
                      stroke="#666"
                      width="330"
                      x="65"
                      x1="125"
                      x2="125"
                      y="185"
                      y1="191"
                      y2="185"
                    />
                    <text
                      class="recharts-text recharts-cartesian-axis-tick-value"
                      fill="#666"
                      font-size="10"
                      height="30"
                      orientation="bottom"
                      stroke="none"
                      text-anchor="middle"
                      width="330"
                      x="125"
                      y="193"
                    >
                      <tspan
                        dy="0.71em"
                        x="125"
                      >
                        M
                      </tspan>
                    </text>
                  </g>
                  <g
                    class="recharts-layer recharts-cartesian-axis-tick"
                  >
                    <line
                      class="recharts-cartesian-axis-tick-line"
                      fill="none"
                      height="30"
                      orientation="bottom"
                      stroke="#666"
                      width="330"
                      x="65"
                      x1="155"
                      x2="155"
                      y="185"
                      y1="191"
                      y2="185"
                    />
                    <text
                      class="recharts-text recharts-cartesian-axis-tick-value"
                      fill="#666"
                      font-size="10"
                      height="30"
                      orientation="bottom"
                      stroke="none"
                      text-anchor="middle"
                      width="330"
                      x="155"
                      y="193"
                    >
                      <tspan
                        dy="0.71em"
                        x="155"
                      >
                        A
                      </tspan>
                    </text>
                  </g>
                  <g
                    class="recharts-layer recharts-cartesian-axis-tick"
                  >
                    <line
                      class="recharts-cartesian-axis-tick-line"
                      fill="none"
                      height="30"
                      orientation="bottom"
                      stroke="#666"
                      width="330"
                      x="65"
                      x1="185"
                      x2="185"
                      y="185"
                      y1="191"
                      y2="185"
                    />
                    <text
                      class="recharts-text recharts-cartesian-axis-tick-value"
                      fill="#666"
                      font-size="10"
                      height="30"
                      orientation="bottom"
                      stroke="none"
                      text-anchor="middle"
                      width="330"
                      x="185"
                      y="193"
                    >
                      <tspan
                        dy="0.71em"
                        x="185"
                      >
                        M
                      </tspan>
                    </text>
                  </g>
                  <g
                    class="recharts-layer recharts-cartesian-axis-tick"
                  >
                    <line
                      class="recharts-cartesian-axis-tick-line"
                      fill="none"
                      height="30"
                      orientation="bottom"
                      stroke="#666"
                      width="330"
                      x="65"
                      x1="215"
                      x2="215"
                      y="185"
                      y1="191"
                      y2="185"
                    />
                    <text
                      class="recharts-text recharts-cartesian-axis-tick-value"
                      fill="#666"
                      font-size="10"
                      height="30"
                      orientation="bottom"
                      stroke="none"
                      text-anchor="middle"
                      width="330"
                      x="215"
                      y="193"
                    >
                      <tspan
                        dy="0.71em"
                        x="215"
                      >
                        J
                      </tspan>
                    </text>
                  </g>
                  <g
                    class="recharts-layer recharts-cartesian-axis-tick"
                  >
                    <line
                      class="recharts-cartesian-axis-tick-line"
                      fill="none"
                      height="30"
                      orientation="bottom"
                      stroke="#666"
                      width="330"
                      x="65"
                      x1="245"
                      x2="245"
                      y="185"
                      y1="191"
                      y2="185"
                    />
                    <text
                      class="recharts-text recharts-cartesian-axis-tick-value"
                      fill="#666"
                      font-size="10"
                      height="30"
                      orientation="bottom"
                      stroke="none"
                      text-anchor="middle"
                      width="330"
                      x="245"
                      y="193"
                    >
                      <tspan
                        dy="0.71em"
                        x="245"
                      >
                        J
                      </tspan>
                    </text>
                  </g>
                  <g
                    class="recharts-layer recharts-cartesian-axis-tick"
                  >
                    <line
                      class="recharts-cartesian-axis-tick-line"
                      fill="none"
                      height="30"
                      orientation="bottom"
                      stroke="#666"
                      width="330"
                      x="65"
                      x1="275"
                      x2="275"
                      y="185"
                      y1="191"
                      y2="185"
                    />
                    <text
                      class="recharts-text recharts-cartesian-axis-tick-value"
                      fill="#666"
                      font-size="10"
                      height="30"
                      orientation="bottom"
                      stroke="none"
                      text-anchor="middle"
                      width="330"
                      x="275"
                      y="193"
                    >
                      <tspan
                        dy="0.71em"
                        x="275"
                      >
                        A
                      </tspan>
                    </text>
                  </g>
                  <g
                    class="recharts-layer recharts-cartesian-axis-tick"
                  >
                    <line
                      class="recharts-cartesian-axis-tick-line"
                      fill="none"
                      height="30"
                      orientation="bottom"
                      stroke="#666"
                      width="330"
                      x="65"
                      x1="305"
                      x2="305"
                      y="185"
                      y1="191"
                      y2="185"
                    />
                    <text
                      class="recharts-text recharts-cartesian-axis-tick-value"
                      fill="#666"
                      font-size="10"
                      height="30"
                      orientation="bottom"
                      stroke="none"
                      text-anchor="middle"
                      width="330"
                      x="305"
                      y="193"
                    >
                      <tspan
                        dy="0.71em"
                        x="305"
                      >
                        S
                      </tspan>
                    </text>
                  </g>
                  <g
                    class="recharts-layer recharts-cartesian-axis-tick"
                  >
                    <line
                      class="recharts-cartesian-axis-tick-line"
                      fill="none"
                      height="30"
                      orientation="bottom"
                      stroke="#666"
                      width="330"
                      x="65"
                      x1="335"
                      x2="335"
                      y="185"
                      y1="191"
                      y2="185"
                    />
                    <text
                      class="recharts-text recharts-cartesian-axis-tick-value"
                      fill="#666"
                      font-size="10"
                      height="30"
                      orientation="bottom"
                      stroke="none"
                      text-anchor="middle"
                      width="330"
                      x="335"
                      y="193"
                    >
                      <tspan
                        dy="0.71em"
                        x="335"
                      >
                        O
                      </tspan>
                    </text>
                  </g>
                  <g
                    class="recharts-layer recharts-cartesian-axis-tick"
                  >
                    <line
                      class="recharts-cartesian-axis-tick-line"
                      fill="none"
                      height="30"
                      orientation="bottom"
                      stroke="#666"
                      width="330"
                      x="65"
                      x1="365"
                      x2="365"
                      y="185"
                      y1="191"
                      y2="185"
                    />
                    <text
                      class="recharts-text recharts-cartesian-axis-tick-value"
                      fill="#666"
                      font-size="10"
                      height="30"
                      orientation="bottom"
                      stroke="none"
                      text-anchor="middle"
                      width="330"
                      x="365"
                      y="193"
                    >
                      <tspan
                        dy="0.71em"
                        x="365"
                      >
                        N
                      </tspan>
                    </text>
                  </g>
                  <g
                    class="recharts-layer recharts-cartesian-axis-tick"
                  >
                    <line
                      class="recharts-cartesian-axis-tick-line"
                      fill="none"
                      height="30"
                      orientation="bottom"
                      stroke="#666"
                      width="330"
                      x="65"
                      x1="395"
                      x2="395"
                      y="185"
                      y1="191"
                      y2="185"
                    />
                    <text
                      class="recharts-text recharts-cartesian-axis-tick-value"
                      fill="#666"
                      font-size="10"
                      height="30"
                      orientation="bottom"
                      stroke="none"
                      text-anchor="middle"
                      width="330"
                      x="395"
                      y="193"
                    >
                      <tspan
                        dy="0.71em"
                        x="395"
                      >
                        D
                      </tspan>
                    </text>
                  </g>
                </g>
              </g>
              <g
                class="recharts-layer recharts-cartesian-axis recharts-yAxis yAxis"
              >
                <line
                  class="recharts-cartesian-axis-line"
                  fill="none"
                  height="180"
                  orientation="left"
                  stroke="#666"
                  width="60"
                  x="5"
                  x1="65"
                  x2="65"
                  y="5"
                  y1="5"
                  y2="185"
                />
                <g
                  class="recharts-cartesian-axis-ticks"
                >
                  <g
                    class="recharts-layer recharts-cartesian-axis-tick"
                  >
                    <line
                      class="recharts-cartesian-axis-tick-line"
                      fill="none"
                      height="180"
                      orientation="left"
                      stroke="#666"
                      width="60"
                      x="5"
                      x1="59"
                      x2="65"
                      y="5"
                      y1="185"
                      y2="185"
                    />
                    <text
                      class="recharts-text recharts-cartesian-axis-tick-value"
                      fill="#666"
                      font-size="10"
                      height="180"
                      orientation="left"
                      stroke="none"
                      text-anchor="end"
                      width="60"
                      x="57"
                      y="185"
                    >
                      <tspan
                        dy="0.355em"
                        x="57"
                      >
                        $0
                      </tspan>
                    </text>
                  </g>
                  <g
                    class="recharts-layer recharts-cartesian-axis-tick"
                  >
                    <line
                      class="recharts-cartesian-axis-tick-line"
                      fill="none"
                      height="180"
                      orientation="left"
                      stroke="#666"
                      width="60"
                      x="5"
                      x1="59"
                      x2="65"
                      y="5"
                      y1="140"
                      y2="140"
                    />
                    <text
                      class="recharts-text recharts-cartesian-axis-tick-value"
                      fill="#666"
                      font-size="10"
                      height="180"
                      orientation="left"
                      stroke="none"
                      text-anchor="end"
                      width="60"
                      x="57"
                      y="140"
                    >
                      <tspan
                        dy="0.355em"
                        x="57"
                      >
                        $300
                      </tspan>
                    </text>
                  </g>
                  <g
                    class="recharts-layer recharts-cartesian-axis-tick"
                  >
                    <line
                      class="recharts-cartesian-axis-tick-line"
                      fill="none"
                      height="180"
                      orientation="left"
                      stroke="#666"
                      width="60"
                      x="5"
                      x1="59"
                      x2="65"
                      y="5"
                      y1="95"
                      y2="95"
                    />
                    <text
                      class="recharts-text recharts-cartesian-axis-tick-value"
                      fill="#666"
                      font-size="10"
                      height="180"
                      orientation="left"
                      stroke="none"
                      text-anchor="end"
                      width="60"
                      x="57"
                      y="95"
                    >
                      <tspan
                        dy="0.355em"
                        x="57"
                      >
                        $600
                      </tspan>
                    </text>
                  </g>
                  <g
                    class="recharts-layer recharts-cartesian-axis-tick"
                  >
                    <line
                      class="recharts-cartesian-axis-tick-line"
                      fill="none"
                      height="180"
                      orientation="left"
                      stroke="#666"
                      width="60"
                      x="5"
                      x1="59"
                      x2="65"
                      y="5"
                      y1="50"
                      y2="50"
                    />
                    <text
                      class="recharts-text recharts-cartesian-axis-tick-value"
                      fill="#666"
                      font-size="10"
                      height="180"
                      orientation="left"
                      stroke="none"
                      text-anchor="end"
                      width="60"
                      x="57"
                      y="50"
                    >
                      <tspan
                        dy="0.355em"
                        x="57"
                      >
                        $900
                      </tspan>
                    </text>
                  </g>
                  <g
                    class="recharts-layer recharts-cartesian-axis-tick"
                  >
                    <line
                      class="recharts-cartesian-axis-tick-line"
                      fill="none"
                      height="180"
                      orientation="left"
                      stroke="#666"
                      width="60"
                      x="5"
                      x1="59"
                      x2="65"
                      y="5"
                      y1="5"
                      y2="5"
                    />
                    <text
                      class="recharts-text recharts-cartesian-axis-tick-value"
                      fill="#666"
                      font-size="10"
                      height="180"
                      orientation="left"
                      stroke="none"
                      text-anchor="end"
                      width="60"
                      x="57"
                      y="5"
                    >
                      <tspan
                        dy="0.355em"
                        x="57"
                      >
                        $1200
                      </tspan>
                    </text>
                  </g>
                </g>
              </g>
            </svg>
            <div
              class="recharts-tooltip-wrapper"
              role="dialog"
              style="transform: translate(undefinedpx, undefinedpx); pointer-events: none; visibility: hidden; position: absolute; top: 0px; left: 0px;"
              tabindex="-1"
            />
          </div>
        </div>
      </div>
    </div>
    <span
      aria-hidden="true"
      id="recharts_measurement_span"
      style="position: absolute; top: -20000px; left: 0px; padding: 0px; margin: 0px; white-space: pre;"
    >
      $1200
    </span>
  </body>,
  "container": <div>
    <div>
      <div
        class="recharts-responsive-container"
        style="width: 400px; height: 220px; min-width: 0;"
      >
        <div
          class="recharts-wrapper"
          role="region"
          style="position: relative; cursor: default; width: 400px; height: 220px;"
        >
          <svg
            class="recharts-surface"
            height="220"
            viewBox="0 0 400 220"
            width="400"
          >
            <title />
            <desc />
            <defs>
              <clippath
                id="recharts1-clip"
              >
                <rect
                  height="180"
                  width="330"
                  x="65"
                  y="5"
                />
              </clippath>
            </defs>
            <g
              class="recharts-cartesian-grid"
            >
              <g
                class="recharts-cartesian-grid-horizontal"
              >
                <line
                  fill="none"
                  height="180"
                  offset="[object Object]"
                  stroke="#ccc"
                  width="330"
                  x="65"
                  x1="65"
                  x2="395"
                  y="5"
                  y1="185"
                  y2="185"
                />
                <line
                  fill="none"
                  height="180"
                  offset="[object Object]"
                  stroke="#ccc"
                  width="330"
                  x="65"
                  x1="65"
                  x2="395"
                  y="5"
                  y1="140"
                  y2="140"
                />
                <line
                  fill="none"
                  height="180"
                  offset="[object Object]"
                  stroke="#ccc"
                  width="330"
                  x="65"
                  x1="65"
                  x2="395"
                  y="5"
                  y1="95"
                  y2="95"
                />
                <line
                  fill="none"
                  height="180"
                  offset="[object Object]"
                  stroke="#ccc"
                  width="330"
                  x="65"
                  x1="65"
                  x2="395"
                  y="5"
                  y1="50"
                  y2="50"
                />
                <line
                  fill="none"
                  height="180"
                  offset="[object Object]"
                  stroke="#ccc"
                  width="330"
                  x="65"
                  x1="65"
                  x2="395"
                  y="5"
                  y1="5"
                  y2="5"
                />
              </g>
            </g>
            <g
              class="recharts-layer recharts-line"
            >
              <path
                class="recharts-curve recharts-line-curve"
                d="M65,169.99999999999997C75,165,85,160.00000000000003,95,155.00000000000003C105,150.00000000000003,115,145,125,140C135,135,145,130.00000000000003,155,125.00000000000001C165,120.00000000000001,175,114.99999999999999,185,109.99999999999999C195,104.99999999999999,205,100,215,95C225,90,235,85,245,80C255,75,265,70,275,65C285,60,295,55,305,50C315,45,325,39.99999999999999,335,34.99999999999999C345,29.999999999999993,355,25.000000000000007,365,20.000000000000007C375,15.000000000000007,385,10.000000000000004,395,5"
                fill="none"
                height="180"
                stroke="#8ae2e8"
                stroke-dasharray="0px 0px"
                stroke-width="2px"
                width="330"
              />
            </g>
            <g
              class="recharts-layer recharts-cartesian-axis recharts-xAxis xAxis"
            >
              <line
                class="recharts-cartesian-axis-line"
                fill="none"
                height="30"
                orientation="bottom"
                stroke="#666"
                width="330"
                x="65"
                x1="65"
                x2="395"
                y="185"
                y1="185"
                y2="185"
              />
              <g
                class="recharts-cartesian-axis-ticks"
              >
                <g
                  class="recharts-layer recharts-cartesian-axis-tick"
                >
                  <line
                    class="recharts-cartesian-axis-tick-line"
                    fill="none"
                    height="30"
                    orientation="bottom"
                    stroke="#666"
                    width="330"
                    x="65"
                    x1="65"
                    x2="65"
                    y="185"
                    y1="191"
                    y2="185"
                  />
                  <text
                    class="recharts-text recharts-cartesian-axis-tick-value"
                    fill="#666"
                    font-size="10"
                    height="30"
                    orientation="bottom"
                    stroke="none"
                    text-anchor="middle"
                    width="330"
                    x="65"
                    y="193"
                  >
                    <tspan
                      dy="0.71em"
                      x="65"
                    >
                      J
                    </tspan>
                  </text>
                </g>
                <g
                  class="recharts-layer recharts-cartesian-axis-tick"
                >
                  <line
                    class="recharts-cartesian-axis-tick-line"
                    fill="none"
                    height="30"
                    orientation="bottom"
                    stroke="#666"
                    width="330"
                    x="65"
                    x1="95"
                    x2="95"
                    y="185"
                    y1="191"
                    y2="185"
                  />
                  <text
                    class="recharts-text recharts-cartesian-axis-tick-value"
                    fill="#666"
                    font-size="10"
                    height="30"
                    orientation="bottom"
                    stroke="none"
                    text-anchor="middle"
                    width="330"
                    x="95"
                    y="193"
                  >
                    <tspan
                      dy="0.71em"
                      x="95"
                    >
                      F
                    </tspan>
                  </text>
                </g>
                <g
                  class="recharts-layer recharts-cartesian-axis-tick"
                >
                  <line
                    class="recharts-cartesian-axis-tick-line"
                    fill="none"
                    height="30"
                    orientation="bottom"
                    stroke="#666"
                    width="330"
                    x="65"
                    x1="125"
                    x2="125"
                    y="185"
                    y1="191"
                    y2="185"
                  />
                  <text
                    class="recharts-text recharts-cartesian-axis-tick-value"
                    fill="#666"
                    font-size="10"
                    height="30"
                    orientation="bottom"
                    stroke="none"
                    text-anchor="middle"
                    width="330"
                    x="125"
                    y="193"
                  >
                    <tspan
                      dy="0.71em"
                      x="125"
                    >
                      M
                    </tspan>
                  </text>
                </g>
                <g
                  class="recharts-layer recharts-cartesian-axis-tick"
                >
                  <line
                    class="recharts-cartesian-axis-tick-line"
                    fill="none"
                    height="30"
                    orientation="bottom"
                    stroke="#666"
                    width="330"
                    x="65"
                    x1="155"
                    x2="155"
                    y="185"
                    y1="191"
                    y2="185"
                  />
                  <text
                    class="recharts-text recharts-cartesian-axis-tick-value"
                    fill="#666"
                    font-size="10"
                    height="30"
                    orientation="bottom"
                    stroke="none"
                    text-anchor="middle"
                    width="330"
                    x="155"
                    y="193"
                  >
                    <tspan
                      dy="0.71em"
                      x="155"
                    >
                      A
                    </tspan>
                  </text>
                </g>
                <g
                  class="recharts-layer recharts-cartesian-axis-tick"
                >
                  <line
                    class="recharts-cartesian-axis-tick-line"
                    fill="none"
                    height="30"
                    orientation="bottom"
                    stroke="#666"
                    width="330"
                    x="65"
                    x1="185"
                    x2="185"
                    y="185"
                    y1="191"
                    y2="185"
                  />
                  <text
                    class="recharts-text recharts-cartesian-axis-tick-value"
                    fill="#666"
                    font-size="10"
                    height="30"
                    orientation="bottom"
                    stroke="none"
                    text-anchor="middle"
                    width="330"
                    x="185"
                    y="193"
                  >
                    <tspan
                      dy="0.71em"
                      x="185"
                    >
                      M
                    </tspan>
                  </text>
                </g>
                <g
                  class="recharts-layer recharts-cartesian-axis-tick"
                >
                  <line
                    class="recharts-cartesian-axis-tick-line"
                    fill="none"
                    height="30"
                    orientation="bottom"
                    stroke="#666"
                    width="330"
                    x="65"
                    x1="215"
                    x2="215"
                    y="185"
                    y1="191"
                    y2="185"
                  />
                  <text
                    class="recharts-text recharts-cartesian-axis-tick-value"
                    fill="#666"
                    font-size="10"
                    height="30"
                    orientation="bottom"
                    stroke="none"
                    text-anchor="middle"
                    width="330"
                    x="215"
                    y="193"
                  >
                    <tspan
                      dy="0.71em"
                      x="215"
                    >
                      J
                    </tspan>
                  </text>
                </g>
                <g
                  class="recharts-layer recharts-cartesian-axis-tick"
                >
                  <line
                    class="recharts-cartesian-axis-tick-line"
                    fill="none"
                    height="30"
                    orientation="bottom"
                    stroke="#666"
                    width="330"
                    x="65"
                    x1="245"
                    x2="245"
                    y="185"
                    y1="191"
                    y2="185"
                  />
                  <text
                    class="recharts-text recharts-cartesian-axis-tick-value"
                    fill="#666"
                    font-size="10"
                    height="30"
                    orientation="bottom"
                    stroke="none"
                    text-anchor="middle"
                    width="330"
                    x="245"
                    y="193"
                  >
                    <tspan
                      dy="0.71em"
                      x="245"
                    >
                      J
                    </tspan>
                  </text>
                </g>
                <g
                  class="recharts-layer recharts-cartesian-axis-tick"
                >
                  <line
                    class="recharts-cartesian-axis-tick-line"
                    fill="none"
                    height="30"
                    orientation="bottom"
                    stroke="#666"
                    width="330"
                    x="65"
                    x1="275"
                    x2="275"
                    y="185"
                    y1="191"
                    y2="185"
                  />
                  <text
                    class="recharts-text recharts-cartesian-axis-tick-value"
                    fill="#666"
                    font-size="10"
                    height="30"
                    orientation="bottom"
                    stroke="none"
                    text-anchor="middle"
                    width="330"
                    x="275"
                    y="193"
                  >
                    <tspan
                      dy="0.71em"
                      x="275"
                    >
                      A
                    </tspan>
                  </text>
                </g>
                <g
                  class="recharts-layer recharts-cartesian-axis-tick"
                >
                  <line
                    class="recharts-cartesian-axis-tick-line"
                    fill="none"
                    height="30"
                    orientation="bottom"
                    stroke="#666"
                    width="330"
                    x="65"
                    x1="305"
                    x2="305"
                    y="185"
                    y1="191"
                    y2="185"
                  />
                  <text
                    class="recharts-text recharts-cartesian-axis-tick-value"
                    fill="#666"
                    font-size="10"
                    height="30"
                    orientation="bottom"
                    stroke="none"
                    text-anchor="middle"
                    width="330"
                    x="305"
                    y="193"
                  >
                    <tspan
                      dy="0.71em"
                      x="305"
                    >
                      S
                    </tspan>
                  </text>
                </g>
                <g
                  class="recharts-layer recharts-cartesian-axis-tick"
                >
                  <line
                    class="recharts-cartesian-axis-tick-line"
                    fill="none"
                    height="30"
                    orientation="bottom"
                    stroke="#666"
                    width="330"
                    x="65"
                    x1="335"
                    x2="335"
                    y="185"
                    y1="191"
                    y2="185"
                  />
                  <text
                    class="recharts-text recharts-cartesian-axis-tick-value"
                    fill="#666"
                    font-size="10"
                    height="30"
                    orientation="bottom"
                    stroke="none"
                    text-anchor="middle"
                    width="330"
                    x="335"
                    y="193"
                  >
                    <tspan
                      dy="0.71em"
                      x="335"
                    >
                      O
                    </tspan>
                  </text>
                </g>
                <g
                  class="recharts-layer recharts-cartesian-axis-tick"
                >
                  <line
                    class="recharts-cartesian-axis-tick-line"
                    fill="none"
                    height="30"
                    orientation="bottom"
                    stroke="#666"
                    width="330"
                    x="65"
                    x1="365"
                    x2="365"
                    y="185"
                    y1="191"
                    y2="185"
                  />
                  <text
                    class="recharts-text recharts-cartesian-axis-tick-value"
                    fill="#666"
                    font-size="10"
                    height="30"
                    orientation="bottom"
                    stroke="none"
                    text-anchor="middle"
                    width="330"
                    x="365"
                    y="193"
                  >
                    <tspan
                      dy="0.71em"
                      x="365"
                    >
                      N
                    </tspan>
                  </text>
                </g>
                <g
                  class="recharts-layer recharts-cartesian-axis-tick"
                >
                  <line
                    class="recharts-cartesian-axis-tick-line"
                    fill="none"
                    height="30"
                    orientation="bottom"
                    stroke="#666"
                    width="330"
                    x="65"
                    x1="395"
                    x2="395"
                    y="185"
                    y1="191"
                    y2="185"
                  />
                  <text
                    class="recharts-text recharts-cartesian-axis-tick-value"
                    fill="#666"
                    font-size="10"
                    height="30"
                    orientation="bottom"
                    stroke="none"
                    text-anchor="middle"
                    width="330"
                    x="395"
                    y="193"
                  >
                    <tspan
                      dy="0.71em"
                      x="395"
                    >
                      D
                    </tspan>
                  </text>
                </g>
              </g>
            </g>
            <g
              class="recharts-layer recharts-cartesian-axis recharts-yAxis yAxis"
            >
              <line
                class="recharts-cartesian-axis-line"
                fill="none"
                height="180"
                orientation="left"
                stroke="#666"
                width="60"
                x="5"
                x1="65"
                x2="65"
                y="5"
                y1="5"
                y2="185"
              />
              <g
                class="recharts-cartesian-axis-ticks"
              >
                <g
                  class="recharts-layer recharts-cartesian-axis-tick"
                >
                  <line
                    class="recharts-cartesian-axis-tick-line"
                    fill="none"
                    height="180"
                    orientation="left"
                    stroke="#666"
                    width="60"
                    x="5"
                    x1="59"
                    x2="65"
                    y="5"
                    y1="185"
                    y2="185"
                  />
                  <text
                    class="recharts-text recharts-cartesian-axis-tick-value"
                    fill="#666"
                    font-size="10"
                    height="180"
                    orientation="left"
                    stroke="none"
                    text-anchor="end"
                    width="60"
                    x="57"
                    y="185"
                  >
                    <tspan
                      dy="0.355em"
                      x="57"
                    >
                      $0
                    </tspan>
                  </text>
                </g>
                <g
                  class="recharts-layer recharts-cartesian-axis-tick"
                >
                  <line
                    class="recharts-cartesian-axis-tick-line"
                    fill="none"
                    height="180"
                    orientation="left"
                    stroke="#666"
                    width="60"
                    x="5"
                    x1="59"
                    x2="65"
                    y="5"
                    y1="140"
                    y2="140"
                  />
                  <text
                    class="recharts-text recharts-cartesian-axis-tick-value"
                    fill="#666"
                    font-size="10"
                    height="180"
                    orientation="left"
                    stroke="none"
                    text-anchor="end"
                    width="60"
                    x="57"
                    y="140"
                  >
                    <tspan
                      dy="0.355em"
                      x="57"
                    >
                      $300
                    </tspan>
                  </text>
                </g>
                <g
                  class="recharts-layer recharts-cartesian-axis-tick"
                >
                  <line
                    class="recharts-cartesian-axis-tick-line"
                    fill="none"
                    height="180"
                    orientation="left"
                    stroke="#666"
                    width="60"
                    x="5"
                    x1="59"
                    x2="65"
                    y="5"
                    y1="95"
                    y2="95"
                  />
                  <text
                    class="recharts-text recharts-cartesian-axis-tick-value"
                    fill="#666"
                    font-size="10"
                    height="180"
                    orientation="left"
                    stroke="none"
                    text-anchor="end"
                    width="60"
                    x="57"
                    y="95"
                  >
                    <tspan
                      dy="0.355em"
                      x="57"
                    >
                      $600
                    </tspan>
                  </text>
                </g>
                <g
                  class="recharts-layer recharts-cartesian-axis-tick"
                >
                  <line
                    class="recharts-cartesian-axis-tick-line"
                    fill="none"
                    height="180"
                    orientation="left"
                    stroke="#666"
                    width="60"
                    x="5"
                    x1="59"
                    x2="65"
                    y="5"
                    y1="50"
                    y2="50"
                  />
                  <text
                    class="recharts-text recharts-cartesian-axis-tick-value"
                    fill="#666"
                    font-size="10"
                    height="180"
                    orientation="left"
                    stroke="none"
                    text-anchor="end"
                    width="60"
                    x="57"
                    y="50"
                  >
                    <tspan
                      dy="0.355em"
                      x="57"
                    >
                      $900
                    </tspan>
                  </text>
                </g>
                <g
                  class="recharts-layer recharts-cartesian-axis-tick"
                >
                  <line
                    class="recharts-cartesian-axis-tick-line"
                    fill="none"
                    height="180"
                    orientation="left"
                    stroke="#666"
                    width="60"
                    x="5"
                    x1="59"
                    x2="65"
                    y="5"
                    y1="5"
                    y2="5"
                  />
                  <text
                    class="recharts-text recharts-cartesian-axis-tick-value"
                    fill="#666"
                    font-size="10"
                    height="180"
                    orientation="left"
                    stroke="none"
                    text-anchor="end"
                    width="60"
                    x="57"
                    y="5"
                  >
                    <tspan
                      dy="0.355em"
                      x="57"
                    >
                      $1200
                    </tspan>
                  </text>
                </g>
              </g>
            </g>
          </svg>
          <div
            class="recharts-tooltip-wrapper"
            role="dialog"
            style="transform: translate(undefinedpx, undefinedpx); pointer-events: none; visibility: hidden; position: absolute; top: 0px; left: 0px;"
            tabindex="-1"
          />
        </div>
      </div>
    </div>
  </div>,
  "debug": [Function],
  "findAllByAltText": [Function],
  "findAllByDisplayValue": [Function],
  "findAllByLabelText": [Function],
  "findAllByPlaceholderText": [Function],
  "findAllByRole": [Function],
  "findAllByTestId": [Function],
  "findAllByText": [Function],
  "findAllByTitle": [Function],
  "findByAltText": [Function],
  "findByDisplayValue": [Function],
  "findByLabelText": [Function],
  "findByPlaceholderText": [Function],
  "findByRole": [Function],
  "findByTestId": [Function],
  "findByText": [Function],
  "findByTitle": [Function],
  "getAllByAltText": [Function],
  "getAllByDisplayValue": [Function],
  "getAllByLabelText": [Function],
  "getAllByPlaceholderText": [Function],
  "getAllByRole": [Function],
  "getAllByTestId": [Function],
  "getAllByText": [Function],
  "getAllByTitle": [Function],
  "getByAltText": [Function],
  "getByDisplayValue": [Function],
  "getByLabelText": [Function],
  "getByPlaceholderText": [Function],
  "getByRole": [Function],
  "getByTestId": [Function],
  "getByText": [Function],
  "getByTitle": [Function],
  "queryAllByAltText": [Function],
  "queryAllByDisplayValue": [Function],
  "queryAllByLabelText": [Function],
  "queryAllByPlaceholderText": [Function],
  "queryAllByRole": [Function],
  "queryAllByTestId": [Function],
  "queryAllByText": [Function],
  "queryAllByTitle": [Function],
  "queryByAltText": [Function],
  "queryByDisplayValue": [Function],
  "queryByLabelText": [Function],
  "queryByPlaceholderText": [Function],
  "queryByRole": [Function],
  "queryByTestId": [Function],
  "queryByText": [Function],
  "queryByTitle": [Function],
  "rerender": [Function],
  "unmount": [Function],
}
`;
