// Jest Snapshot v1, https://goo.gl/fbAQLP

exports[`FullPageLoadingIndicator Tests correctly renders snapshot 1`] = `
{
  "asFragment": [Function],
  "baseElement": <body>
    <div>
      <div
        class="full-page-loading-indicator"
        data-testid="fullpageloadingindicator-testId"
      >
        <div
          class="full-page-loading-indicator-progress"
        >
          <span
            style="display: inherit; position: relative;"
          >
            <span
              style="position: absolute; font-size: 5px; width: 15px; height: 15px; background: rgb(118, 231, 170); border-radius: 50%; animation: react-spinners-PropagateLoader-propogate-0 1.5s infinite; animation-fill-mode: forwards;"
            />
            <span
              style="position: absolute; font-size: 5px; width: 15px; height: 15px; background: rgb(118, 231, 170); border-radius: 50%; animation: react-spinners-PropagateLoader-propogate-1 1.5s infinite; animation-fill-mode: forwards;"
            />
            <span
              style="position: absolute; font-size: 5px; width: 15px; height: 15px; background: rgb(118, 231, 170); border-radius: 50%; animation: react-spinners-PropagateLoader-propogate-2 1.5s infinite; animation-fill-mode: forwards;"
            />
            <span
              style="position: absolute; font-size: 5px; width: 15px; height: 15px; background: rgb(118, 231, 170); border-radius: 50%; animation: react-spinners-PropagateLoader-propogate-3 1.5s infinite; animation-fill-mode: forwards;"
            />
            <span
              style="position: absolute; font-size: 5px; width: 15px; height: 15px; background: rgb(118, 231, 170); border-radius: 50%; animation: react-spinners-PropagateLoader-propogate-4 1.5s infinite; animation-fill-mode: forwards;"
            />
            <span
              style="position: absolute; font-size: 5px; width: 15px; height: 15px; background: rgb(118, 231, 170); border-radius: 50%; animation: react-spinners-PropagateLoader-propogate-5 1.5s infinite; animation-fill-mode: forwards;"
            />
          </span>
        </div>
      </div>
    </div>
  </body>,
  "container": <div>
    <div
      class="full-page-loading-indicator"
      data-testid="fullpageloadingindicator-testId"
    >
      <div
        class="full-page-loading-indicator-progress"
      >
        <span
          style="display: inherit; position: relative;"
        >
          <span
            style="position: absolute; font-size: 5px; width: 15px; height: 15px; background: rgb(118, 231, 170); border-radius: 50%; animation: react-spinners-PropagateLoader-propogate-0 1.5s infinite; animation-fill-mode: forwards;"
          />
          <span
            style="position: absolute; font-size: 5px; width: 15px; height: 15px; background: rgb(118, 231, 170); border-radius: 50%; animation: react-spinners-PropagateLoader-propogate-1 1.5s infinite; animation-fill-mode: forwards;"
          />
          <span
            style="position: absolute; font-size: 5px; width: 15px; height: 15px; background: rgb(118, 231, 170); border-radius: 50%; animation: react-spinners-PropagateLoader-propogate-2 1.5s infinite; animation-fill-mode: forwards;"
          />
          <span
            style="position: absolute; font-size: 5px; width: 15px; height: 15px; background: rgb(118, 231, 170); border-radius: 50%; animation: react-spinners-PropagateLoader-propogate-3 1.5s infinite; animation-fill-mode: forwards;"
          />
          <span
            style="position: absolute; font-size: 5px; width: 15px; height: 15px; background: rgb(118, 231, 170); border-radius: 50%; animation: react-spinners-PropagateLoader-propogate-4 1.5s infinite; animation-fill-mode: forwards;"
          />
          <span
            style="position: absolute; font-size: 5px; width: 15px; height: 15px; background: rgb(118, 231, 170); border-radius: 50%; animation: react-spinners-PropagateLoader-propogate-5 1.5s infinite; animation-fill-mode: forwards;"
          />
        </span>
      </div>
    </div>
  </div>,
  "debug": [Function],
  "findAllByAltText": [Function],
  "findAllByDisplayValue": [Function],
  "findAllByLabelText": [Function],
  "findAllByPlaceholderText": [Function],
  "findAllByRole": [Function],
  "findAllByTestId": [Function],
  "findAllByText": [Function],
  "findAllByTitle": [Function],
  "findByAltText": [Function],
  "findByDisplayValue": [Function],
  "findByLabelText": [Function],
  "findByPlaceholderText": [Function],
  "findByRole": [Function],
  "findByTestId": [Function],
  "findByText": [Function],
  "findByTitle": [Function],
  "getAllByAltText": [Function],
  "getAllByDisplayValue": [Function],
  "getAllByLabelText": [Function],
  "getAllByPlaceholderText": [Function],
  "getAllByRole": [Function],
  "getAllByTestId": [Function],
  "getAllByText": [Function],
  "getAllByTitle": [Function],
  "getByAltText": [Function],
  "getByDisplayValue": [Function],
  "getByLabelText": [Function],
  "getByPlaceholderText": [Function],
  "getByRole": [Function],
  "getByTestId": [Function],
  "getByText": [Function],
  "getByTitle": [Function],
  "queryAllByAltText": [Function],
  "queryAllByDisplayValue": [Function],
  "queryAllByLabelText": [Function],
  "queryAllByPlaceholderText": [Function],
  "queryAllByRole": [Function],
  "queryAllByTestId": [Function],
  "queryAllByText": [Function],
  "queryAllByTitle": [Function],
  "queryByAltText": [Function],
  "queryByDisplayValue": [Function],
  "queryByLabelText": [Function],
  "queryByPlaceholderText": [Function],
  "queryByRole": [Function],
  "queryByTestId": [Function],
  "queryByText": [Function],
  "queryByTitle": [Function],
  "rerender": [Function],
  "unmount": [Function],
}
`;
